go run ./cmd/server
{"time":"2026-07-15T12:56:42.853021+02:00","level":"INFO","msg":"goose: no migrations to run. current version: 7"}
{"time":"2026-07-15T12:56:42.853236+02:00","level":"INFO","msg":"ui: no index.html found in embedded build, serving placeholder"}
{"time":"2026-07-15T12:56:42.853279+02:00","level":"INFO","msg":"listening","port":"8080"}
{"time":"2026-07-15T12:56:44.999407+02:00","level":"INFO","msg":"request","method":"GET","path":"/api/sessions/undefined","status":404,"duration_ms":0}
{"time":"2026-07-15T12:57:02.790064+02:00","level":"INFO","msg":"request","method":"POST","path":"/api/sessions","status":201,"duration_ms":3}
{"time":"2026-07-15T12:57:02.821823+02:00","level":"INFO","msg":"request","method":"POST","path":"/api/sessions/YTQS/players","status":201,"duration_ms":6}
{"time":"2026-07-15T12:57:06.019837+02:00","level":"INFO","msg":"request","method":"POST","path":"/api/sessions/YTQS/players","status":201,"duration_ms":2}
{"time":"2026-07-15T12:57:07.898767+02:00","level":"INFO","msg":"request","method":"POST","path":"/api/sessions/YTQS/players","status":201,"duration_ms":2}
{"time":"2026-07-15T12:57:09.726018+02:00","level":"INFO","msg":"request","method":"POST","path":"/api/sessions/YTQS/players","status":201,"duration_ms":3}
{"time":"2026-07-15T12:57:12.089552+02:00","level":"INFO","msg":"request","method":"PATCH","path":"/api/sessions/YTQS","status":200,"duration_ms":7}
{"time":"2026-07-15T12:57:13.53629+02:00","level":"INFO","msg":"request","method":"PATCH","path":"/api/sessions/YTQS","status":200,"duration_ms":6}
{"time":"2026-07-15T12:57:16.028534+02:00","level":"INFO","msg":"request","method":"GET","path":"/api/sessions/undefined","status":404,"duration_ms":0}
{"time":"2026-07-15T12:57:16.616459+02:00","level":"INFO","msg":"request","method":"POST","path":"/api/sessions/YTQS/start","status":200,"duration_ms":4}
{"time":"2026-07-15T12:57:46.990311+02:00","level":"INFO","msg":"request","method":"GET","path":"/api/sessions/undefined","status":404,"duration_ms":0}
{"time":"2026-07-15T12:58:17.981225+02:00","level":"INFO","msg":"request","method":"GET","path":"/api/sessions/undefined","status":404,"duration_ms":0}
{"time":"2026-07-15T12:58:48.995496+02:00","level":"INFO","msg":"request","method":"GET","path":"/api/sessions/undefined","status":404,"duration_ms":1}
{"time":"2026-07-15T12:59:20.41482+02:00","level":"INFO","msg":"request","method":"GET","path":"/api/sessions/undefined","status":404,"duration_ms":0}
{"time":"2026-07-15T12:59:51.00376+02:00","level":"INFO","msg":"request","method":"GET","path":"/api/sessions/undefined","status":404,"duration_ms":0}
{"time":"2026-07-15T13:00:21.992822+02:00","level":"INFO","msg":"request","method":"GET","path":"/api/sessions/undefined","status":404,"duration_ms":0}
{"time":"2026-07-15T13:00:53.184163+02:00","level":"INFO","msg":"request","method":"GET","path":"/api/sessions/undefined","status":404,"duration_ms":0}
{"time":"2026-07-15T13:01:24.083245+02:00","level":"INFO","msg":"request","method":"GET","path":"/api/sessions/undefined","status":404,"duration_ms":0}
{"time":"2026-07-15T13:01:55.002667+02:00","level":"INFO","msg":"request","method":"GET","path":"/api/sessions/undefined","status":404,"duration_ms":0}
{"time":"2026-07-15T13:02:25.998646+02:00","level":"INFO","msg":"request","method":"GET","path":"/api/sessions/undefined","status":404,"duration_ms":0}
{"time":"2026-07-15T13:02:56.998794+02:00","level":"INFO","msg":"request","method":"GET","path":"/api/sessions/undefined","status":404,"duration_ms":0}
{"time":"2026-07-15T13:03:27.99621+02:00","level":"INFO","msg":"request","method":"GET","path":"/api/sessions/undefined","status":404,"duration_ms":0}
